


ARM Macro Assembler    Page 1 


    1 00000000         
    2 00000000 40010C10 
                       GPIOB_BSRR
                               equ              0x40010C10  ; Bit Set/Reset reg
                                                            ister
    3 00000000                 thumb
    4 00000000                 area             moncode, code, readwrite
    5 00000000                 export           timer_callback
    6 00000000                 import           etat
    7 00000000         
    8 00000000         
    9 00000000         
   10 00000000         
   11 00000000         
   12 00000000         ; N.B. le registre BSRR est write-only, on ne peut pas l
                       e relire
   13 00000000         timer_callback
                               proc
   14 00000000 F8DF C02C       ldr              r12, =etat
   15 00000004 F8DC 1000       ldr              r1, [r12]   ; récupère dans r1 
                                                            l'état
   16 00000008 B101            cbz              r1, mise_a_un ; 
   17 0000000A E008            b                mise_a_zero
   18 0000000C         
   19 0000000C         
   20 0000000C         ; mise a 1 de PB1
   21 0000000C 4B09    mise_a_un
                               ldr              r3, =GPIOB_BSRR
   22 0000000E F04F 0102       mov              r1, #0x00000002
   23 00000012 6019            str              r1, [r3]
   24 00000014 F04F 0201       mov              r2, #0x01
   25 00000018 F8CC 2000       str              r2, [r12]
   26 0000001C E007            b                fin
   27 0000001E         ; mise a zero de PB1
   28 0000001E         mise_a_zero
   29 0000001E 4B05            ldr              r3, =GPIOB_BSRR
   30 00000020 F44F 3100       mov              r1, #0x00020000
   31 00000024 6019            str              r1, [r3]
   32 00000026 F04F 0200       mov              r2, #0x00
   33 0000002A F8CC 2000       str              r2, [r12]
   34 0000002E         
   35 0000002E         fin
   36 0000002E 4770            bx               lr
   37 00000030                 endp
   38 00000030         
   39 00000030         
   40 00000030                 end
              00000000 
              40010C10 
Command Line: --debug --xref --diag_suppress=9931 --cpu=Cortex-M3 --apcs=interw
ork --depend=.\obj\etape1_1.d -o.\obj\etape1_1.o -I.\RTE\_reel -IC:\Keil_v5\ARM
\PACK\ARM\CMSIS\5.3.0\CMSIS\Include -IC:\Keil_v5\ARM\PACK\Keil\STM32F1xx_DFP\2.
2.0\Device\Include --predefine="__EVAL SETA 1" --predefine="__MICROLIB SETA 1" 
--predefine="__UVISION_VERSION SETA 525" --predefine="_RTE_ SETA 1" --predefine
="STM32F10X_MD SETA 1" --list=etape1.lst etape1.s



ARM Macro Assembler    Page 1 Alphabetic symbol ordering
Relocatable symbols

fin 0000002E

Symbol: fin
   Definitions
      At line 35 in file etape1.s
   Uses
      At line 26 in file etape1.s
Comment: fin used once
mise_a_un 0000000C

Symbol: mise_a_un
   Definitions
      At line 21 in file etape1.s
   Uses
      At line 16 in file etape1.s
Comment: mise_a_un used once
mise_a_zero 0000001E

Symbol: mise_a_zero
   Definitions
      At line 28 in file etape1.s
   Uses
      At line 17 in file etape1.s
Comment: mise_a_zero used once
moncode 00000000

Symbol: moncode
   Definitions
      At line 4 in file etape1.s
   Uses
      None
Comment: moncode unused
timer_callback 00000000

Symbol: timer_callback
   Definitions
      At line 13 in file etape1.s
   Uses
      At line 5 in file etape1.s
Comment: timer_callback used once
5 symbols



ARM Macro Assembler    Page 1 Alphabetic symbol ordering
Absolute symbols

GPIOB_BSRR 40010C10

Symbol: GPIOB_BSRR
   Definitions
      At line 2 in file etape1.s
   Uses
      At line 21 in file etape1.s
      At line 29 in file etape1.s

1 symbol



ARM Macro Assembler    Page 1 Alphabetic symbol ordering
External symbols

etat 00000000

Symbol: etat
   Definitions
      At line 6 in file etape1.s
   Uses
      At line 14 in file etape1.s
Comment: etat used once
1 symbol
344 symbols in table
